// Jest Snapshot v1, https://goo.gl/fbAQLP

exports[`PickupPointDetails should render self and components 1`] = `
<div
  className="modalDetails pkpmodal-details"
>
  <div
    className="modalDetailsTop pkpmodal-details-top"
  >
    <button
      className="modalDetailsBackLnk pkpmodal-details-back-lnk btn btn-link"
      onClick={[Function]}
      type="button"
    >
      <i
        className="iconBackPickupPointsList pkpmodal-icon-back-pickup-points-list icon-angle-left"
      />
      See all pickup points
    </button>
  </div>
  <div
    className="modalDetailsMiddle pkpmodal-details-middle"
  >
    <div
      className="modalDetailsStore pkpmodal-details-store"
    >
      <div
        className="pickupPoint pkpmodal-pickup-point"
        id="1"
        onClick={[Function]}
      >
        <div
          className="pickupPointMain pkpmodal-pickup-point-main"
        >
          <div
            className="pickupPointMarkerPostalCode pkpmodal-pickup-point-marker"
          >
            <svg
              className="pkpmodal-pickup-point-marker-image"
              height="32"
              version="1.1"
              viewBox="0 0 48 48"
              width="32"
              x="0px"
              xmlns="http://www.w3.org/2000/svg"
              y="0px"
            >
              <path
                d="M24,1.11224c-9.38879,0-17,7.61115-17,17 c0,10.1424,12.87262,23.22955,16.2149,26.4566c0.44031,0.42517,1.12988,0.42517,1.57025,0C28.12744,41.3418,41,28.25464,41,18.11224 C41,8.72339,33.38879,1.11224,24,1.11224z"
                fill="#0176ff"
                stroke="#ffffff"
              />
              <circle
                cx="24"
                cy="18"
                fill="#FFFFFF"
                r="6"
              />
            </svg>
            <svg
              className="pkpmodal-pickup-point-marker-image"
              height="32"
              version="1.1"
              viewBox="0 0 48 48"
              width="32"
              x="0px"
              xmlns="http://www.w3.org/2000/svg"
              y="0px"
            >
              <path
                d="M24,1.11224c-9.38879,0-17,7.61115-17,17 c0,10.1424,12.87262,23.22955,16.2149,26.4566c0.44031,0.42517,1.12988,0.42517,1.57025,0C28.12744,41.3418,41,28.25464,41,18.11224 C41,8.72339,33.38879,1.11224,24,1.11224z"
                fill="#0176ff"
                stroke="#ffffff"
              />
              <circle
                cx="24"
                cy="18"
                fill="#FFFFFF"
                r="6"
              />
            </svg>
          </div>
          <div
            className="pickupPointInfo pkpmodal-pickup-point-info"
          >
            <p
              className="pickupPointName pkpmodal-pickup-point-name"
            >
              test
            </p>
            <div
              className="pickupPointAddress pkpmodal-pickup-point-address "
            >
              <div
                className="address-summary address-summary-BRA"
              >
                <br
                  className="line1-delimiter"
                />
                <span
                  className="country"
                >
                  BRA
                </span>
              </div>
            </div>
            <span
              className="pickupPointAllAvailable pkpmodal-pickup-point-available"
            >
              All products are available
            </span>
          </div>
        </div>
        <div
          className="pickupPointSlaAvailabilityPostalCode pkpmodal-pickup-point-sla-availability"
        >
          <span
            className="pickupPointPrice pkpmodal-pickup-point-price"
          >
            R$ 1,00
          </span>
          <span
            className="pickupPointSla pkpmodal-pickup-point-sla"
          >
            TranslateEstimate
          </span>
        </div>
      </div>
    </div>
    <div
      className="modalDetailsInfo pkpmodal-details-info"
    >
      <div
        className="modalDetailsGroup pkpmodal-details-group"
      >
        <h3
          className="modalDetailsInfoTitle title pkpmodal-details-info-title"
        >
          Product availability in this pickup point
        </h3>
        <div
          className="productItems pkpmodal-product-items"
        >
          <span
            className="productItem pkpmodal-product-item "
            data-tip="test"
          >
            <img
              alt="test"
              data-tip="test"
              src="teste.png"
            />
            <div
              className="__react_component_tooltip place-top type-dark "
              data-id="tooltip"
              id={undefined}
            />
          </span>
          <span
            className="productItem pkpmodal-product-item "
            data-tip="test2"
          >
            <img
              alt="test2"
              data-tip="test2"
              src="teste.png"
            />
            <div
              className="__react_component_tooltip place-top type-dark "
              data-id="tooltip"
              id={undefined}
            />
          </span>
        </div>
        <div
          className="productItems pkpmodal-product-items"
        />
      </div>
    </div>
  </div>
  <div
    className="modalDetailsBottom pkpmodal-details-bottom"
  >
    <button
      className="modalDetailConfirmBtn pkpmodal-details-confirm-btn btn pkp-modal-btn primary pkp-modal-btn-primary block pkp-modal-btn-block lg pkp-modal-btn-lg "
      disabled={undefined}
      id="confirm-pickup-1"
      onClick={[Function]}
      type="button"
    >
      Pickup in this point
    </button>
  </div>
</div>
`;
